{
    "Contains hsa-miR-365b-3p, hsa-miR-7-5p, hsa-miR-103a-3p": {
        "content": [
            {
                "0": [
                    "mirna.tsv:md5,f59a6aeb15588c43c2977950a1b0a080"
                ],
                "1": [
                    "versions.yml:md5,13bf3c8bbf1285dfc0ef547dcbb692b2"
                ],
                "mirna_tsv": [
                    "mirna.tsv:md5,f59a6aeb15588c43c2977950a1b0a080"
                ],
                "versions": [
                    "versions.yml:md5,13bf3c8bbf1285dfc0ef547dcbb692b2"
                ]
            }
        ],
        "meta": {
            "nf-test": "0.8.4",
            "nextflow": "24.04.4"
        },
        "timestamp": "2024-09-30T12:57:47.129770995"
    },
    "Does not contain hsa-miR-107, hsa-miR-365a-3p": {
        "content": [
            {
                "0": [
                    "mirna.tsv:md5,f59a6aeb15588c43c2977950a1b0a080"
                ],
                "1": [
                    "versions.yml:md5,13bf3c8bbf1285dfc0ef547dcbb692b2"
                ],
                "mirna_tsv": [
                    "mirna.tsv:md5,f59a6aeb15588c43c2977950a1b0a080"
                ],
                "versions": [
                    "versions.yml:md5,13bf3c8bbf1285dfc0ef547dcbb692b2"
                ]
            }
        ],
        "meta": {
            "nf-test": "0.8.4",
            "nextflow": "24.04.4"
        },
        "timestamp": "2024-09-30T12:57:56.990602055"
    }
}